2025-12-09 13:37:06,647 [INFO] Activator:176 - 


2025-12-09 13:37:06,649 [INFO] Activator:177 - !SESSION log4j initialized
2025-12-09 13:37:09,250 [INFO] LogOutputStream:77 - [STDOUT_REDIRECT] 
2025-12-09 13:58:07,256 [ERROR] ConfigurationRetriever:142 - IOException on connection: Read timed out
2025-12-09 18:00:36,923 [INFO] Activator:176 - 


2025-12-09 18:00:36,924 [INFO] Activator:177 - !SESSION log4j initialized
2025-12-09 18:00:41,300 [INFO] LogOutputStream:77 - [STDOUT_REDIRECT] 
2025-12-09 21:27:34,405 [INFO] Activator:176 - 


2025-12-09 21:27:34,406 [INFO] Activator:177 - !SESSION log4j initialized
2025-12-09 21:27:37,794 [INFO] LogOutputStream:77 - [STDOUT_REDIRECT] 
2025-12-09 23:46:04,125 [ERROR] AdobePublisher:162 - Exception while opening the connection: java.net.SocketTimeoutException: Read timed out
2025-12-09 23:46:06,175 [ERROR] AdobePublisher:162 - Exception while opening the connection: java.net.SocketTimeoutException: Read timed out
2025-12-09 23:46:08,232 [ERROR] AdobePublisher:162 - Exception while opening the connection: java.net.SocketTimeoutException: Read timed out
2025-12-09 23:46:10,301 [ERROR] AdobePublisher:162 - Exception while opening the connection: java.net.SocketTimeoutException: Read timed out
2025-12-09 23:46:12,348 [ERROR] AdobePublisher:162 - Exception while opening the connection: java.net.SocketTimeoutException: Read timed out
2025-12-09 23:46:14,374 [ERROR] ConfigurationRetriever:142 - IOException on connection: Read timed out
2025-12-09 23:46:16,404 [ERROR] ConfigurationRetriever:142 - IOException on connection: Read timed out
2025-12-09 23:46:18,430 [ERROR] ConfigurationRetriever:142 - IOException on connection: Read timed out
2025-12-09 23:46:59,695 [ERROR] ConfigurationRetriever:142 - IOException on connection: Read timed out
2025-12-09 23:47:01,721 [ERROR] ConfigurationRetriever:142 - IOException on connection: Read timed out
